--progress is a global compose flag, better use `docker compose --progress xx build ...
#1 [internal] load local bake definitions
#1 reading from stdin 1.83kB done
#1 DONE 0.0s

#2 [airflow-init internal] load build definition from Dockerfile
#2 transferring dockerfile: 2.30kB done
#2 DONE 0.0s

#3 [airflow-webserver internal] load metadata for docker.io/apache/airflow:2.9.2-python3.10
#3 DONE 1.6s

#4 [airflow-init internal] load .dockerignore
#4 transferring context: 2B done
#4 DONE 0.0s

#5 [airflow-webserver 1/6] FROM docker.io/apache/airflow:2.9.2-python3.10@sha256:6d458e8ee963eefe3c05f6484bc22a004363db84acf500d5bfd5595980b7021c
#5 CACHED

#6 [airflow-webserver internal] load build context
#6 transferring context: 37B done
#6 DONE 0.0s

#7 [airflow-scheduler 2/6] RUN apt-get update && apt-get install -y --no-install-recommends     wget     build-essential     gcc     g++     make     libxml2-dev     libxslt-dev     && rm -rf /var/lib/apt/lists/*
#7 0.657 Get:1 http://deb.debian.org/debian bookworm InRelease [151 kB]
#7 0.895 Get:2 https://download.docker.com/linux/debian bookworm InRelease [46.6 kB]
#7 0.976 Get:3 https://download.docker.com/linux/debian bookworm/stable arm64 Packages [68.7 kB]
#7 1.006 Get:4 https://packages.microsoft.com/debian/12/prod bookworm InRelease [3618 B]
#7 1.130 Get:5 https://packages.microsoft.com/debian/12/prod bookworm/main all Packages [573 B]
#7 1.223 Get:6 https://packages.microsoft.com/debian/12/prod bookworm/main arm64 Packages [76.4 kB]
#7 1.370 Get:7 https://packages.microsoft.com/debian/12/prod bookworm/main amd64 Packages [179 kB]
#7 1.860 Get:8 https://archive.mariadb.org/mariadb-10.11/repo/debian bookworm InRelease [4628 B]
#7 2.267 Get:9 https://archive.mariadb.org/mariadb-10.11/repo/debian bookworm/main amd64 Packages [41.6 kB]
#7 2.575 Get:10 https://apt.postgresql.org/pub/repos/apt bookworm-pgdg InRelease [180 kB]
#7 2.816 Get:11 https://archive.mariadb.org/mariadb-10.11/repo/debian bookworm/main arm64 Packages [35.2 kB]
#7 4.482 Get:12 http://deb.debian.org/debian bookworm-updates InRelease [55.4 kB]
